// Jest Snapshot v1, https://goo.gl/fbAQLP

exports[`vanilla sfc 1`] = `
"<script>
export default {
  props: {
    name: {
      type: String
    }
  }
};
</script>

<template>
  <div class=\\"widget\\">Hello {{name}}</div>
</template>

<style>
.widget {
  color: red;
}
</style>
"
`;
